mode: set
github.com/nshmdayo/xynon/internal/proxy/chain.go:16.44,17.14 1 1
github.com/nshmdayo/xynon/internal/proxy/chain.go:17.14,19.3 1 0
github.com/nshmdayo/xynon/internal/proxy/chain.go:20.2,20.18 1 1
github.com/nshmdayo/xynon/internal/proxy/chain.go:24.48,26.2 1 1
github.com/nshmdayo/xynon/internal/proxy/chain.go:36.39,38.2 1 1
github.com/nshmdayo/xynon/internal/proxy/chain.go:43.41,45.2 1 1
github.com/nshmdayo/xynon/internal/proxy/hotreload.go:42.54,44.16 2 1
github.com/nshmdayo/xynon/internal/proxy/hotreload.go:44.16,46.3 1 0
github.com/nshmdayo/xynon/internal/proxy/hotreload.go:47.2,47.46 1 1
github.com/nshmdayo/xynon/internal/proxy/hotreload.go:47.46,50.3 2 0
github.com/nshmdayo/xynon/internal/proxy/hotreload.go:51.2,51.26 1 1
github.com/nshmdayo/xynon/internal/proxy/hotreload.go:51.26,52.62 1 1
github.com/nshmdayo/xynon/internal/proxy/hotreload.go:52.62,55.4 2 0
github.com/nshmdayo/xynon/internal/proxy/hotreload.go:57.2,57.72 1 1
github.com/nshmdayo/xynon/internal/proxy/hotreload.go:61.46,63.2 1 1
github.com/nshmdayo/xynon/internal/proxy/hotreload.go:66.26,69.2 2 1
github.com/nshmdayo/xynon/internal/proxy/hotreload.go:71.45,75.23 3 1
github.com/nshmdayo/xynon/internal/proxy/hotreload.go:75.23,76.19 1 1
github.com/nshmdayo/xynon/internal/proxy/hotreload.go:76.19,78.4 1 1
github.com/nshmdayo/xynon/internal/proxy/hotreload.go:79.3,79.43 1 1
github.com/nshmdayo/xynon/internal/proxy/hotreload.go:79.43,81.4 1 1
github.com/nshmdayo/xynon/internal/proxy/hotreload.go:84.2,84.6 1 1
github.com/nshmdayo/xynon/internal/proxy/hotreload.go:84.6,85.10 1 1
github.com/nshmdayo/xynon/internal/proxy/hotreload.go:86.40,87.11 1 1
github.com/nshmdayo/xynon/internal/proxy/hotreload.go:87.11,89.5 1 0
github.com/nshmdayo/xynon/internal/proxy/hotreload.go:90.4,93.21 3 1
github.com/nshmdayo/xynon/internal/proxy/hotreload.go:93.21,96.5 2 1
github.com/nshmdayo/xynon/internal/proxy/hotreload.go:96.10,96.31 1 1
github.com/nshmdayo/xynon/internal/proxy/hotreload.go:96.31,99.5 2 1
github.com/nshmdayo/xynon/internal/proxy/hotreload.go:101.38,102.11 1 1
github.com/nshmdayo/xynon/internal/proxy/hotreload.go:102.11,104.5 1 1
github.com/nshmdayo/xynon/internal/proxy/hotreload.go:105.4,105.42 1 0
github.com/nshmdayo/xynon/internal/proxy/hotreload.go:107.21,108.10 1 0
github.com/nshmdayo/xynon/internal/proxy/hotreload.go:114.47,118.31 3 1
github.com/nshmdayo/xynon/internal/proxy/hotreload.go:118.31,120.17 2 1
github.com/nshmdayo/xynon/internal/proxy/hotreload.go:120.17,123.4 2 0
github.com/nshmdayo/xynon/internal/proxy/hotreload.go:124.3,124.29 1 1
github.com/nshmdayo/xynon/internal/proxy/hotreload.go:128.2,129.28 2 1
github.com/nshmdayo/xynon/internal/proxy/hotreload.go:129.28,131.28 2 1
github.com/nshmdayo/xynon/internal/proxy/hotreload.go:131.28,134.4 2 0
github.com/nshmdayo/xynon/internal/proxy/hotreload.go:137.2,138.16 2 1
github.com/nshmdayo/xynon/internal/proxy/hotreload.go:138.16,141.3 2 1
github.com/nshmdayo/xynon/internal/proxy/hotreload.go:144.2,149.16 5 1
github.com/nshmdayo/xynon/internal/proxy/hotreload.go:149.16,150.35 1 1
github.com/nshmdayo/xynon/internal/proxy/hotreload.go:150.35,152.4 1 0
github.com/nshmdayo/xynon/internal/proxy/hotreload.go:157.44,159.39 2 1
github.com/nshmdayo/xynon/internal/proxy/hotreload.go:159.39,161.17 2 1
github.com/nshmdayo/xynon/internal/proxy/hotreload.go:161.17,162.26 1 0
github.com/nshmdayo/xynon/internal/proxy/hotreload.go:162.26,165.5 1 0
github.com/nshmdayo/xynon/internal/proxy/hotreload.go:166.4,166.21 1 0
github.com/nshmdayo/xynon/internal/proxy/hotreload.go:168.3,168.88 1 1
github.com/nshmdayo/xynon/internal/proxy/hotreload.go:168.88,170.4 1 1
github.com/nshmdayo/xynon/internal/proxy/hotreload.go:171.3,172.29 2 1
github.com/nshmdayo/xynon/internal/proxy/hotreload.go:174.2,174.19 1 0
github.com/nshmdayo/xynon/internal/proxy/metrics.go:31.40,33.35 2 1
github.com/nshmdayo/xynon/internal/proxy/metrics.go:33.35,35.50 1 1
github.com/nshmdayo/xynon/internal/proxy/metrics.go:35.50,37.12 2 1
github.com/nshmdayo/xynon/internal/proxy/metrics.go:40.3,40.61 1 1
github.com/nshmdayo/xynon/internal/proxy/metrics.go:40.61,42.4 1 1
github.com/nshmdayo/xynon/internal/proxy/metrics.go:44.2,44.36 1 1
github.com/nshmdayo/xynon/internal/proxy/metrics.go:48.77,54.2 4 1
github.com/nshmdayo/xynon/internal/proxy/proxy.go:28.95,35.2 1 1
github.com/nshmdayo/xynon/internal/proxy/proxy.go:38.67,39.39 1 1
github.com/nshmdayo/xynon/internal/proxy/proxy.go:39.39,42.3 2 0
github.com/nshmdayo/xynon/internal/proxy/proxy.go:43.2,43.36 1 1
github.com/nshmdayo/xynon/internal/proxy/proxy.go:43.36,46.3 2 1
github.com/nshmdayo/xynon/internal/proxy/proxy.go:47.2,47.20 1 1
github.com/nshmdayo/xynon/internal/proxy/proxy.go:50.78,53.16 2 0
github.com/nshmdayo/xynon/internal/proxy/proxy.go:53.16,55.3 1 0
github.com/nshmdayo/xynon/internal/proxy/proxy.go:56.2,56.59 1 0
github.com/nshmdayo/xynon/internal/proxy/proxy.go:56.59,59.3 2 0
github.com/nshmdayo/xynon/internal/proxy/proxy.go:61.2,61.24 1 0
github.com/nshmdayo/xynon/internal/proxy/proxy.go:61.24,64.3 2 0
github.com/nshmdayo/xynon/internal/proxy/proxy.go:65.2,66.51 2 0
github.com/nshmdayo/xynon/internal/proxy/proxy.go:69.68,73.15 4 1
github.com/nshmdayo/xynon/internal/proxy/proxy.go:73.15,75.3 1 1
github.com/nshmdayo/xynon/internal/proxy/proxy.go:77.2,93.54 9 1
github.com/nshmdayo/xynon/internal/proxy/proxy.go:93.54,94.65 1 0
github.com/nshmdayo/xynon/internal/proxy/proxy.go:94.65,96.18 2 0
github.com/nshmdayo/xynon/internal/proxy/proxy.go:96.18,100.5 3 0
github.com/nshmdayo/xynon/internal/proxy/proxy.go:102.3,102.66 1 0
github.com/nshmdayo/xynon/internal/proxy/proxy.go:102.66,104.4 1 0
github.com/nshmdayo/xynon/internal/proxy/proxy.go:105.3,106.9 2 0
github.com/nshmdayo/xynon/internal/proxy/proxy.go:110.2,115.24 5 1
github.com/nshmdayo/xynon/internal/proxy/proxy.go:115.24,117.16 2 0
github.com/nshmdayo/xynon/internal/proxy/proxy.go:117.16,120.44 3 0
github.com/nshmdayo/xynon/internal/proxy/proxy.go:120.44,123.5 2 0
github.com/nshmdayo/xynon/internal/proxy/proxy.go:124.4,124.32 1 0
github.com/nshmdayo/xynon/internal/proxy/proxy.go:124.32,125.25 1 0
github.com/nshmdayo/xynon/internal/proxy/proxy.go:125.25,128.6 2 0
github.com/nshmdayo/xynon/internal/proxy/proxy.go:129.5,133.24 5 0
github.com/nshmdayo/xynon/internal/proxy/proxy.go:138.2,140.72 2 1
github.com/nshmdayo/xynon/internal/proxy/proxy.go:140.72,142.19 2 0
github.com/nshmdayo/xynon/internal/proxy/proxy.go:142.19,144.4 1 0
github.com/nshmdayo/xynon/internal/proxy/proxy.go:145.3,145.60 1 0
github.com/nshmdayo/xynon/internal/proxy/proxy.go:145.60,147.4 1 0
github.com/nshmdayo/xynon/internal/proxy/proxy.go:147.9,149.4 1 0
github.com/nshmdayo/xynon/internal/proxy/proxy.go:152.2,152.16 1 1
github.com/nshmdayo/xynon/internal/proxy/proxy.go:152.16,153.17 1 0
github.com/nshmdayo/xynon/internal/proxy/proxy.go:153.17,155.4 1 0
github.com/nshmdayo/xynon/internal/proxy/proxy.go:155.9,155.51 1 0
github.com/nshmdayo/xynon/internal/proxy/proxy.go:155.51,157.4 1 0
github.com/nshmdayo/xynon/internal/proxy/proxy.go:157.9,159.4 1 0
github.com/nshmdayo/xynon/internal/proxy/proxy.go:162.2,162.16 1 1
github.com/nshmdayo/xynon/internal/proxy/proxy.go:162.16,165.3 2 0
github.com/nshmdayo/xynon/internal/proxy/proxy.go:166.2,188.30 16 1
github.com/nshmdayo/xynon/internal/proxy/proxy.go:191.70,195.15 4 1
github.com/nshmdayo/xynon/internal/proxy/proxy.go:195.15,197.3 1 1
github.com/nshmdayo/xynon/internal/proxy/proxy.go:199.2,206.54 4 1
github.com/nshmdayo/xynon/internal/proxy/proxy.go:206.54,207.66 1 0
github.com/nshmdayo/xynon/internal/proxy/proxy.go:207.66,209.4 1 0
github.com/nshmdayo/xynon/internal/proxy/proxy.go:210.3,211.9 2 0
github.com/nshmdayo/xynon/internal/proxy/proxy.go:214.2,214.26 1 1
github.com/nshmdayo/xynon/internal/proxy/proxy.go:214.26,216.17 2 1
github.com/nshmdayo/xynon/internal/proxy/proxy.go:216.17,218.4 1 0
github.com/nshmdayo/xynon/internal/proxy/proxy.go:220.3,221.17 2 1
github.com/nshmdayo/xynon/internal/proxy/proxy.go:221.17,222.27 1 1
github.com/nshmdayo/xynon/internal/proxy/proxy.go:222.27,223.120 1 1
github.com/nshmdayo/xynon/internal/proxy/proxy.go:223.120,226.6 2 1
github.com/nshmdayo/xynon/internal/proxy/proxy.go:231.2,232.16 2 1
github.com/nshmdayo/xynon/internal/proxy/proxy.go:232.16,235.3 2 1
github.com/nshmdayo/xynon/internal/proxy/proxy.go:236.2,239.9 3 0
github.com/nshmdayo/xynon/internal/proxy/proxy.go:239.9,242.3 2 0
github.com/nshmdayo/xynon/internal/proxy/proxy.go:243.2,244.16 2 0
github.com/nshmdayo/xynon/internal/proxy/proxy.go:244.16,246.3 1 0
github.com/nshmdayo/xynon/internal/proxy/proxy.go:247.2,250.12 3 0
github.com/nshmdayo/xynon/internal/proxy/proxy.go:250.12,250.47 1 0
github.com/nshmdayo/xynon/internal/proxy/proxy.go:251.2,251.33 1 0
github.com/nshmdayo/xynon/internal/proxy/proxy.go:256.109,257.37 1 1
github.com/nshmdayo/xynon/internal/proxy/proxy.go:257.37,259.17 2 0
github.com/nshmdayo/xynon/internal/proxy/proxy.go:259.17,261.12 2 0
github.com/nshmdayo/xynon/internal/proxy/proxy.go:263.3,263.45 1 0
github.com/nshmdayo/xynon/internal/proxy/proxy.go:263.45,265.4 1 0
github.com/nshmdayo/xynon/internal/proxy/proxy.go:267.2,267.37 1 1
github.com/nshmdayo/xynon/internal/proxy/proxy.go:271.102,272.37 1 1
github.com/nshmdayo/xynon/internal/proxy/proxy.go:272.37,274.17 2 0
github.com/nshmdayo/xynon/internal/proxy/proxy.go:274.17,276.4 1 0
github.com/nshmdayo/xynon/internal/proxy/proxy.go:281.39,282.25 1 1
github.com/nshmdayo/xynon/internal/proxy/proxy.go:282.25,283.24 1 1
github.com/nshmdayo/xynon/internal/proxy/proxy.go:283.24,285.4 1 1
github.com/nshmdayo/xynon/internal/proxy/proxy.go:296.36,298.39 1 1
github.com/nshmdayo/xynon/internal/proxy/proxy.go:298.39,300.3 1 0
github.com/nshmdayo/xynon/internal/proxy/proxy.go:301.2,301.39 1 1
github.com/nshmdayo/xynon/internal/proxy/proxy.go:301.39,303.3 1 1
github.com/nshmdayo/xynon/internal/proxy/proxy.go:312.46,315.2 2 1
github.com/nshmdayo/xynon/internal/proxy/proxy.go:317.53,319.2 1 0
github.com/nshmdayo/xynon/internal/config/config.go:91.41,93.16 2 1
github.com/nshmdayo/xynon/internal/config/config.go:93.16,95.3 1 1
github.com/nshmdayo/xynon/internal/config/config.go:97.2,98.51 2 1
github.com/nshmdayo/xynon/internal/config/config.go:98.51,100.3 1 0
github.com/nshmdayo/xynon/internal/config/config.go:102.2,102.39 1 1
github.com/nshmdayo/xynon/internal/config/config.go:102.39,104.3 1 1
github.com/nshmdayo/xynon/internal/config/config.go:106.2,106.18 1 1
github.com/nshmdayo/xynon/internal/config/config.go:111.43,113.16 2 1
github.com/nshmdayo/xynon/internal/config/config.go:113.16,115.3 1 0
github.com/nshmdayo/xynon/internal/config/config.go:116.2,116.56 1 1
github.com/nshmdayo/xynon/internal/config/config.go:116.56,118.3 1 0
github.com/nshmdayo/xynon/internal/config/config.go:119.2,119.12 1 1
github.com/nshmdayo/xynon/internal/config/config.go:122.34,124.22 2 1
github.com/nshmdayo/xynon/internal/config/config.go:124.22,126.3 1 1
github.com/nshmdayo/xynon/internal/config/config.go:127.2,127.27 1 1
github.com/nshmdayo/xynon/internal/config/config.go:127.27,129.3 1 1
github.com/nshmdayo/xynon/internal/config/config.go:130.2,130.34 1 1
github.com/nshmdayo/xynon/internal/config/config.go:130.34,131.19 1 0
github.com/nshmdayo/xynon/internal/config/config.go:131.19,133.4 1 0
github.com/nshmdayo/xynon/internal/config/config.go:134.3,134.26 1 0
github.com/nshmdayo/xynon/internal/config/config.go:134.26,136.4 1 0
github.com/nshmdayo/xynon/internal/config/config.go:138.2,138.22 1 1
github.com/nshmdayo/xynon/internal/config/config.go:138.22,140.3 1 1
github.com/nshmdayo/xynon/internal/config/config.go:141.2,141.12 1 1
github.com/nshmdayo/xynon/internal/plugin/errors.go:11.40,13.2 1 1
github.com/nshmdayo/xynon/internal/plugin/errors.go:20.43,22.2 1 1
github.com/nshmdayo/xynon/internal/plugin/errors.go:29.39,31.2 1 1
github.com/nshmdayo/xynon/internal/plugin/errors.go:33.39,33.57 1 1
github.com/nshmdayo/xynon/internal/plugin/errors.go:38.37,38.82 1 1
github.com/nshmdayo/xynon/internal/plugin/errors.go:45.43,47.2 1 1
github.com/nshmdayo/xynon/internal/plugin/handle.go:35.40,41.2 5 1
github.com/nshmdayo/xynon/internal/plugin/handle.go:44.27,48.2 3 1
github.com/nshmdayo/xynon/internal/plugin/handle.go:51.41,56.2 4 1
github.com/nshmdayo/xynon/internal/plugin/loader.go:13.106,15.28 2 1
github.com/nshmdayo/xynon/internal/plugin/loader.go:15.28,18.37 3 1
github.com/nshmdayo/xynon/internal/plugin/loader.go:18.37,20.4 1 1
github.com/nshmdayo/xynon/internal/plugin/loader.go:20.9,20.45 1 1
github.com/nshmdayo/xynon/internal/plugin/loader.go:20.45,22.4 1 1
github.com/nshmdayo/xynon/internal/plugin/loader.go:22.9,24.4 1 1
github.com/nshmdayo/xynon/internal/plugin/loader.go:25.3,25.17 1 1
github.com/nshmdayo/xynon/internal/plugin/loader.go:25.17,27.36 1 1
github.com/nshmdayo/xynon/internal/plugin/loader.go:27.36,29.5 1 1
github.com/nshmdayo/xynon/internal/plugin/loader.go:30.4,30.68 1 1
github.com/nshmdayo/xynon/internal/plugin/loader.go:32.3,32.31 1 1
github.com/nshmdayo/xynon/internal/plugin/loader.go:34.2,34.21 1 1
github.com/nshmdayo/xynon/internal/plugin/loader.go:46.29,51.2 1 1
github.com/nshmdayo/xynon/internal/plugin/plugin.go:27.37,27.54 1 1
github.com/nshmdayo/xynon/internal/plugin/plugin.go:30.56,32.2 1 1
github.com/nshmdayo/xynon/internal/plugin/plugin.go:36.105,37.19 1 1
github.com/nshmdayo/xynon/internal/plugin/plugin.go:37.19,39.3 1 0
github.com/nshmdayo/xynon/internal/plugin/plugin.go:40.2,41.49 2 1
github.com/nshmdayo/xynon/internal/plugin/plugin.go:45.122,46.19 1 1
github.com/nshmdayo/xynon/internal/plugin/plugin.go:46.19,48.3 1 0
github.com/nshmdayo/xynon/internal/plugin/plugin.go:49.2,50.50 2 1
github.com/nshmdayo/xynon/internal/plugin/plugin.go:53.115,54.26 1 1
github.com/nshmdayo/xynon/internal/plugin/plugin.go:54.26,58.3 3 1
github.com/nshmdayo/xynon/internal/plugin/plugin.go:60.2,65.16 5 1
github.com/nshmdayo/xynon/internal/plugin/plugin.go:65.16,67.3 1 0
github.com/nshmdayo/xynon/internal/plugin/plugin.go:69.2,70.56 2 1
github.com/nshmdayo/xynon/internal/plugin/rpc_plugin.go:43.88,50.2 6 0
github.com/nshmdayo/xynon/internal/plugin/rpc_plugin.go:52.91,59.2 6 0
github.com/nshmdayo/xynon/internal/plugin/rpc_plugin.go:68.42,70.2 1 1
github.com/nshmdayo/xynon/internal/plugin/rpc_plugin.go:72.110,76.16 4 1
github.com/nshmdayo/xynon/internal/plugin/rpc_plugin.go:76.16,78.3 1 1
github.com/nshmdayo/xynon/internal/plugin/rpc_plugin.go:80.2,80.24 1 1
github.com/nshmdayo/xynon/internal/plugin/rpc_plugin.go:80.24,82.3 1 1
github.com/nshmdayo/xynon/internal/plugin/rpc_plugin.go:83.2,83.33 1 1
github.com/nshmdayo/xynon/internal/plugin/rpc_plugin.go:83.33,85.3 1 1
github.com/nshmdayo/xynon/internal/plugin/rpc_plugin.go:86.2,86.64 1 1
github.com/nshmdayo/xynon/internal/plugin/rpc_plugin.go:89.127,93.16 4 1
github.com/nshmdayo/xynon/internal/plugin/rpc_plugin.go:93.16,95.3 1 1
github.com/nshmdayo/xynon/internal/plugin/rpc_plugin.go:96.2,96.24 1 1
github.com/nshmdayo/xynon/internal/plugin/rpc_plugin.go:96.24,98.3 1 1
github.com/nshmdayo/xynon/internal/plugin/rpc_plugin.go:99.2,99.33 1 1
github.com/nshmdayo/xynon/internal/plugin/rpc_plugin.go:99.33,101.3 1 1
github.com/nshmdayo/xynon/internal/plugin/rpc_plugin.go:102.2,102.64 1 1
github.com/nshmdayo/xynon/internal/plugin/rpc_plugin.go:105.61,108.2 2 1
github.com/nshmdayo/xynon/internal/plugin/rpc_plugin.go:115.71,117.2 1 1
github.com/nshmdayo/xynon/internal/plugin/rpc_plugin.go:119.88,121.2 1 1
github.com/nshmdayo/xynon/internal/plugin/rpc_plugin.go:136.77,145.16 3 1
github.com/nshmdayo/xynon/internal/plugin/rpc_plugin.go:145.16,148.3 2 1
github.com/nshmdayo/xynon/internal/plugin/rpc_plugin.go:150.2,151.16 2 1
github.com/nshmdayo/xynon/internal/plugin/rpc_plugin.go:151.16,154.3 2 0
github.com/nshmdayo/xynon/internal/plugin/rpc_plugin.go:156.2,159.27 4 1
github.com/nshmdayo/xynon/internal/plugin/runtime.go:26.56,32.71 4 1
github.com/nshmdayo/xynon/internal/plugin/runtime.go:32.71,35.3 2 0
github.com/nshmdayo/xynon/internal/plugin/runtime.go:38.2,60.32 1 1
github.com/nshmdayo/xynon/internal/plugin/runtime.go:60.32,63.3 2 0
github.com/nshmdayo/xynon/internal/plugin/runtime.go:65.2,65.44 1 1
github.com/nshmdayo/xynon/internal/plugin/runtime.go:69.46,72.2 2 1
github.com/nshmdayo/xynon/internal/plugin/runtime.go:76.127,78.16 2 1
github.com/nshmdayo/xynon/internal/plugin/runtime.go:78.16,80.3 1 1
github.com/nshmdayo/xynon/internal/plugin/runtime.go:84.2,85.16 2 1
github.com/nshmdayo/xynon/internal/plugin/runtime.go:85.16,87.3 1 0
github.com/nshmdayo/xynon/internal/plugin/runtime.go:92.2,98.16 3 1
github.com/nshmdayo/xynon/internal/plugin/runtime.go:98.16,100.3 1 0
github.com/nshmdayo/xynon/internal/plugin/runtime.go:103.2,104.21 2 1
github.com/nshmdayo/xynon/internal/plugin/runtime.go:104.21,107.3 2 1
github.com/nshmdayo/xynon/internal/plugin/runtime.go:108.2,109.16 2 1
github.com/nshmdayo/xynon/internal/plugin/runtime.go:109.16,112.3 2 0
github.com/nshmdayo/xynon/internal/plugin/runtime.go:113.2,114.31 2 1
github.com/nshmdayo/xynon/internal/plugin/runtime.go:114.31,117.3 2 1
github.com/nshmdayo/xynon/internal/plugin/runtime.go:120.2,120.73 1 1
github.com/nshmdayo/xynon/internal/plugin/runtime.go:120.73,121.38 1 1
github.com/nshmdayo/xynon/internal/plugin/runtime.go:121.38,124.4 2 0
github.com/nshmdayo/xynon/internal/plugin/runtime.go:127.2,128.80 2 1
github.com/nshmdayo/xynon/internal/plugin/runtime.go:134.71,139.15 3 1
github.com/nshmdayo/xynon/internal/plugin/runtime.go:139.15,142.3 2 1
github.com/nshmdayo/xynon/internal/plugin/runtime.go:144.2,146.15 3 1
github.com/nshmdayo/xynon/internal/plugin/runtime.go:146.15,149.3 2 0
github.com/nshmdayo/xynon/internal/plugin/runtime.go:151.2,152.16 2 1
github.com/nshmdayo/xynon/internal/plugin/runtime.go:152.16,154.3 1 0
github.com/nshmdayo/xynon/internal/plugin/runtime.go:155.2,156.22 2 1
github.com/nshmdayo/xynon/internal/plugin/runtime.go:159.71,164.15 3 1
github.com/nshmdayo/xynon/internal/plugin/runtime.go:164.15,167.3 2 0
github.com/nshmdayo/xynon/internal/plugin/runtime.go:169.2,172.14 4 1
github.com/nshmdayo/xynon/internal/plugin/runtime.go:175.69,178.15 3 1
github.com/nshmdayo/xynon/internal/plugin/runtime.go:178.15,181.3 2 0
github.com/nshmdayo/xynon/internal/plugin/runtime.go:182.2,183.14 2 1
github.com/nshmdayo/xynon/internal/plugin/runtime.go:186.72,189.15 3 1
github.com/nshmdayo/xynon/internal/plugin/runtime.go:189.15,192.3 2 0
github.com/nshmdayo/xynon/internal/plugin/runtime.go:193.2,195.14 3 1
github.com/nshmdayo/xynon/internal/plugin/runtime.go:198.65,203.2 4 1
github.com/nshmdayo/xynon/internal/plugin/runtime.go:205.76,209.17 2 1
github.com/nshmdayo/xynon/internal/plugin/runtime.go:209.17,212.3 2 0
github.com/nshmdayo/xynon/internal/plugin/runtime.go:214.2,222.15 7 1
github.com/nshmdayo/xynon/internal/plugin/runtime.go:225.60,226.17 1 1
github.com/nshmdayo/xynon/internal/plugin/runtime.go:226.17,228.3 1 0
github.com/nshmdayo/xynon/internal/plugin/runtime.go:229.2,230.9 2 1
github.com/nshmdayo/xynon/internal/plugin/runtime.go:230.9,232.3 1 0
github.com/nshmdayo/xynon/internal/plugin/runtime.go:233.2,233.18 1 1
github.com/nshmdayo/xynon/internal/plugin/runtime.go:236.77,239.44 3 1
github.com/nshmdayo/xynon/internal/plugin/runtime.go:239.44,242.3 2 0
github.com/nshmdayo/xynon/internal/plugin/runtime.go:243.2,244.16 2 1
github.com/nshmdayo/xynon/internal/plugin/runtime.go:244.16,246.3 1 0
github.com/nshmdayo/xynon/internal/plugin/runtime.go:247.2,248.22 2 1
github.com/nshmdayo/xynon/internal/plugincli/add.go:13.34,16.55 3 1
github.com/nshmdayo/xynon/internal/plugincli/add.go:16.55,18.3 1 0
github.com/nshmdayo/xynon/internal/plugincli/add.go:19.2,19.19 1 1
github.com/nshmdayo/xynon/internal/plugincli/add.go:19.19,21.3 1 0
github.com/nshmdayo/xynon/internal/plugincli/add.go:23.2,26.16 3 1
github.com/nshmdayo/xynon/internal/plugincli/add.go:26.16,28.3 1 0
github.com/nshmdayo/xynon/internal/plugincli/add.go:31.2,31.40 1 1
github.com/nshmdayo/xynon/internal/plugincli/add.go:31.40,33.3 1 1
github.com/nshmdayo/xynon/internal/plugincli/add.go:35.2,40.43 4 1
github.com/nshmdayo/xynon/internal/plugincli/add.go:40.43,42.3 1 0
github.com/nshmdayo/xynon/internal/plugincli/add.go:45.2,46.38 2 1
github.com/nshmdayo/xynon/internal/plugincli/add.go:46.38,47.21 1 1
github.com/nshmdayo/xynon/internal/plugincli/add.go:47.21,49.9 2 1
github.com/nshmdayo/xynon/internal/plugincli/add.go:52.2,52.16 1 1
github.com/nshmdayo/xynon/internal/plugincli/add.go:52.16,54.3 1 1
github.com/nshmdayo/xynon/internal/plugincli/add.go:56.2,56.51 1 1
github.com/nshmdayo/xynon/internal/plugincli/add.go:56.51,58.3 1 0
github.com/nshmdayo/xynon/internal/plugincli/add.go:60.2,60.15 1 1
github.com/nshmdayo/xynon/internal/plugincli/add.go:60.15,62.3 1 1
github.com/nshmdayo/xynon/internal/plugincli/add.go:62.8,64.3 1 1
github.com/nshmdayo/xynon/internal/plugincli/add.go:65.2,65.12 1 1
github.com/nshmdayo/xynon/internal/plugincli/add.go:68.38,70.16 2 1
github.com/nshmdayo/xynon/internal/plugincli/add.go:70.16,72.3 1 0
github.com/nshmdayo/xynon/internal/plugincli/add.go:73.2,73.39 1 1
github.com/nshmdayo/xynon/internal/plugincli/add.go:77.57,79.2 1 0
github.com/nshmdayo/xynon/internal/plugincli/build.go:13.36,16.55 3 1
github.com/nshmdayo/xynon/internal/plugincli/build.go:16.55,18.3 1 0
github.com/nshmdayo/xynon/internal/plugincli/build.go:19.2,19.19 1 1
github.com/nshmdayo/xynon/internal/plugincli/build.go:19.19,21.3 1 0
github.com/nshmdayo/xynon/internal/plugincli/build.go:22.2,25.16 3 1
github.com/nshmdayo/xynon/internal/plugincli/build.go:25.16,27.3 1 0
github.com/nshmdayo/xynon/internal/plugincli/build.go:29.2,30.16 2 1
github.com/nshmdayo/xynon/internal/plugincli/build.go:30.16,32.3 1 1
github.com/nshmdayo/xynon/internal/plugincli/build.go:34.2,42.62 6 1
github.com/nshmdayo/xynon/internal/plugincli/build.go:42.62,44.3 1 1
github.com/nshmdayo/xynon/internal/plugincli/build.go:46.2,46.34 1 1
github.com/nshmdayo/xynon/internal/plugincli/build.go:46.34,48.3 1 0
github.com/nshmdayo/xynon/internal/plugincli/build.go:50.2,51.12 2 1
github.com/nshmdayo/xynon/internal/plugincli/build.go:56.38,57.39 1 1
github.com/nshmdayo/xynon/internal/plugincli/build.go:57.39,58.39 1 1
github.com/nshmdayo/xynon/internal/plugincli/build.go:58.39,60.4 1 1
github.com/nshmdayo/xynon/internal/plugincli/build.go:61.3,61.64 1 1
github.com/nshmdayo/xynon/internal/plugincli/build.go:64.2,65.16 2 0
github.com/nshmdayo/xynon/internal/plugincli/build.go:65.16,71.3 1 0
github.com/nshmdayo/xynon/internal/plugincli/build.go:72.2,72.15 1 0
github.com/nshmdayo/xynon/internal/plugincli/list.go:13.50,16.49 3 1
github.com/nshmdayo/xynon/internal/plugincli/list.go:16.49,18.3 1 0
github.com/nshmdayo/xynon/internal/plugincli/list.go:20.2,21.16 2 1
github.com/nshmdayo/xynon/internal/plugincli/list.go:21.16,23.3 1 0
github.com/nshmdayo/xynon/internal/plugincli/list.go:26.2,27.38 2 1
github.com/nshmdayo/xynon/internal/plugincli/list.go:27.38,29.3 1 1
github.com/nshmdayo/xynon/internal/plugincli/list.go:32.2,33.16 2 1
github.com/nshmdayo/xynon/internal/plugincli/list.go:33.16,35.3 1 0
github.com/nshmdayo/xynon/internal/plugincli/list.go:37.2,38.29 2 1
github.com/nshmdayo/xynon/internal/plugincli/list.go:38.29,39.55 1 1
github.com/nshmdayo/xynon/internal/plugincli/list.go:39.55,40.12 1 0
github.com/nshmdayo/xynon/internal/plugincli/list.go:42.3,46.40 4 1
github.com/nshmdayo/xynon/internal/plugincli/list.go:46.40,48.4 1 1
github.com/nshmdayo/xynon/internal/plugincli/list.go:48.9,50.4 1 0
github.com/nshmdayo/xynon/internal/plugincli/list.go:53.2,53.16 1 1
github.com/nshmdayo/xynon/internal/plugincli/list.go:53.16,55.3 1 1
github.com/nshmdayo/xynon/internal/plugincli/list.go:56.2,56.12 1 1
github.com/nshmdayo/xynon/internal/plugincli/plugincli.go:13.31,14.20 1 0
github.com/nshmdayo/xynon/internal/plugincli/plugincli.go:14.20,16.3 1 0
github.com/nshmdayo/xynon/internal/plugincli/plugincli.go:18.2,21.13 3 0
github.com/nshmdayo/xynon/internal/plugincli/plugincli.go:22.14,23.34 1 0
github.com/nshmdayo/xynon/internal/plugincli/plugincli.go:24.13,25.22 1 0
github.com/nshmdayo/xynon/internal/plugincli/plugincli.go:26.16,27.25 1 0
github.com/nshmdayo/xynon/internal/plugincli/plugincli.go:28.15,29.24 1 0
github.com/nshmdayo/xynon/internal/plugincli/plugincli.go:30.10,31.74 1 0
github.com/nshmdayo/xynon/internal/plugincli/plugincli.go:44.25,46.2 1 0
github.com/nshmdayo/xynon/internal/plugincli/plugincli.go:49.43,51.2 1 1
github.com/nshmdayo/xynon/internal/plugincli/plugincli.go:55.68,58.2 2 1
github.com/nshmdayo/xynon/internal/plugincli/remove.go:11.37,14.55 3 1
github.com/nshmdayo/xynon/internal/plugincli/remove.go:14.55,16.3 1 0
github.com/nshmdayo/xynon/internal/plugincli/remove.go:17.2,17.19 1 1
github.com/nshmdayo/xynon/internal/plugincli/remove.go:17.19,19.3 1 0
github.com/nshmdayo/xynon/internal/plugincli/remove.go:20.2,23.16 3 1
github.com/nshmdayo/xynon/internal/plugincli/remove.go:23.16,25.3 1 0
github.com/nshmdayo/xynon/internal/plugincli/remove.go:27.2,29.38 3 1
github.com/nshmdayo/xynon/internal/plugincli/remove.go:29.38,30.21 1 1
github.com/nshmdayo/xynon/internal/plugincli/remove.go:30.21,32.12 2 1
github.com/nshmdayo/xynon/internal/plugincli/remove.go:34.3,34.33 1 1
github.com/nshmdayo/xynon/internal/plugincli/remove.go:36.2,36.12 1 1
github.com/nshmdayo/xynon/internal/plugincli/remove.go:36.12,38.3 1 1
github.com/nshmdayo/xynon/internal/plugincli/remove.go:40.2,41.51 2 1
github.com/nshmdayo/xynon/internal/plugincli/remove.go:41.51,43.3 1 0
github.com/nshmdayo/xynon/internal/plugincli/remove.go:45.2,46.12 2 1
github.com/nshmdayo/xynon/internal/admincli/admincli.go:12.31,13.20 1 0
github.com/nshmdayo/xynon/internal/admincli/admincli.go:13.20,15.3 1 0
github.com/nshmdayo/xynon/internal/admincli/admincli.go:17.2,17.17 1 0
github.com/nshmdayo/xynon/internal/admincli/admincli.go:18.16,19.29 1 0
github.com/nshmdayo/xynon/internal/admincli/admincli.go:20.10,21.61 1 0
github.com/nshmdayo/xynon/internal/admincli/admincli.go:25.37,27.16 2 0
github.com/nshmdayo/xynon/internal/admincli/admincli.go:27.16,29.3 1 0
github.com/nshmdayo/xynon/internal/admincli/admincli.go:31.2,33.16 3 0
github.com/nshmdayo/xynon/internal/admincli/admincli.go:33.16,35.3 1 0
github.com/nshmdayo/xynon/internal/admincli/admincli.go:36.2,38.38 2 0
github.com/nshmdayo/xynon/internal/admincli/admincli.go:38.38,40.3 1 0
github.com/nshmdayo/xynon/internal/admincli/admincli.go:42.2,43.69 2 0
github.com/nshmdayo/xynon/internal/admincli/admincli.go:43.69,45.3 1 0
github.com/nshmdayo/xynon/internal/admincli/admincli.go:47.2,47.29 1 0
github.com/nshmdayo/xynon/internal/admincli/admincli.go:47.29,49.33 2 0
github.com/nshmdayo/xynon/internal/admincli/admincli.go:49.33,51.4 1 0
github.com/nshmdayo/xynon/internal/admincli/admincli.go:54.2,54.12 1 0
github.com/nshmdayo/xynon/cmd/xynon/main.go:24.13,26.49 1 0
github.com/nshmdayo/xynon/cmd/xynon/main.go:26.49,27.52 1 0
github.com/nshmdayo/xynon/cmd/xynon/main.go:27.52,30.4 2 0
github.com/nshmdayo/xynon/cmd/xynon/main.go:31.3,31.9 1 0
github.com/nshmdayo/xynon/cmd/xynon/main.go:35.2,35.48 1 0
github.com/nshmdayo/xynon/cmd/xynon/main.go:35.48,36.51 1 0
github.com/nshmdayo/xynon/cmd/xynon/main.go:36.51,39.4 2 0
github.com/nshmdayo/xynon/cmd/xynon/main.go:40.3,40.9 1 0
github.com/nshmdayo/xynon/cmd/xynon/main.go:43.2,48.16 5 0
github.com/nshmdayo/xynon/cmd/xynon/main.go:48.16,51.3 2 0
github.com/nshmdayo/xynon/cmd/xynon/main.go:53.2,58.16 4 0
github.com/nshmdayo/xynon/cmd/xynon/main.go:58.16,61.3 2 0
github.com/nshmdayo/xynon/cmd/xynon/main.go:62.2,66.38 3 0
github.com/nshmdayo/xynon/cmd/xynon/main.go:66.38,68.16 2 0
github.com/nshmdayo/xynon/cmd/xynon/main.go:68.16,70.4 1 0
github.com/nshmdayo/xynon/cmd/xynon/main.go:71.3,72.17 2 0
github.com/nshmdayo/xynon/cmd/xynon/main.go:72.17,74.36 2 0
github.com/nshmdayo/xynon/cmd/xynon/main.go:74.36,76.5 1 0
github.com/nshmdayo/xynon/cmd/xynon/main.go:78.3,79.22 2 0
github.com/nshmdayo/xynon/cmd/xynon/main.go:79.22,81.4 1 0
github.com/nshmdayo/xynon/cmd/xynon/main.go:82.3,87.5 1 0
github.com/nshmdayo/xynon/cmd/xynon/main.go:90.2,94.16 3 0
github.com/nshmdayo/xynon/cmd/xynon/main.go:94.16,97.3 2 0
github.com/nshmdayo/xynon/cmd/xynon/main.go:99.2,105.19 5 0
github.com/nshmdayo/xynon/cmd/xynon/main.go:105.19,109.54 1 0
github.com/nshmdayo/xynon/cmd/xynon/main.go:109.54,111.19 2 0
github.com/nshmdayo/xynon/cmd/xynon/main.go:111.19,113.6 1 0
github.com/nshmdayo/xynon/cmd/xynon/main.go:114.5,115.44 2 0
github.com/nshmdayo/xynon/cmd/xynon/main.go:115.44,117.19 2 0
github.com/nshmdayo/xynon/cmd/xynon/main.go:117.19,119.7 1 0
github.com/nshmdayo/xynon/cmd/xynon/main.go:120.6,121.20 2 0
github.com/nshmdayo/xynon/cmd/xynon/main.go:121.20,123.39 2 0
github.com/nshmdayo/xynon/cmd/xynon/main.go:123.39,125.8 1 0
github.com/nshmdayo/xynon/cmd/xynon/main.go:127.6,128.25 2 0
github.com/nshmdayo/xynon/cmd/xynon/main.go:128.25,130.7 1 0
github.com/nshmdayo/xynon/cmd/xynon/main.go:131.6,136.8 1 0
github.com/nshmdayo/xynon/cmd/xynon/main.go:138.5,138.27 1 0
github.com/nshmdayo/xynon/cmd/xynon/main.go:145.3,146.17 2 0
github.com/nshmdayo/xynon/cmd/xynon/main.go:146.17,148.4 1 0
github.com/nshmdayo/xynon/cmd/xynon/main.go:148.9,151.4 2 0
github.com/nshmdayo/xynon/cmd/xynon/main.go:155.2,155.25 1 0
github.com/nshmdayo/xynon/cmd/xynon/main.go:155.25,157.17 2 0
github.com/nshmdayo/xynon/cmd/xynon/main.go:157.17,159.4 1 0
github.com/nshmdayo/xynon/cmd/xynon/main.go:160.3,160.13 1 0
github.com/nshmdayo/xynon/cmd/xynon/main.go:160.13,164.95 4 0
github.com/nshmdayo/xynon/cmd/xynon/main.go:164.95,166.5 1 0
github.com/nshmdayo/xynon/cmd/xynon/main.go:171.2,172.16 2 0
github.com/nshmdayo/xynon/cmd/xynon/main.go:172.16,175.3 2 0
github.com/nshmdayo/xynon/cmd/xynon/main.go:178.2,184.12 3 0
github.com/nshmdayo/xynon/cmd/xynon/main.go:184.12,187.21 3 0
github.com/nshmdayo/xynon/cmd/xynon/main.go:187.21,189.4 1 0
github.com/nshmdayo/xynon/cmd/xynon/main.go:190.3,190.23 1 0
github.com/nshmdayo/xynon/cmd/xynon/main.go:190.23,192.4 1 0
github.com/nshmdayo/xynon/cmd/xynon/main.go:193.3,193.41 1 0
github.com/nshmdayo/xynon/cmd/xynon/main.go:196.2,197.76 2 0
github.com/nshmdayo/xynon/cmd/xynon/main.go:197.76,200.3 2 0
github.com/nshmdayo/xynon/internal/upstream/balancer.go:14.44,16.2 1 1
github.com/nshmdayo/xynon/internal/upstream/balancer.go:23.51,25.2 1 1
github.com/nshmdayo/xynon/internal/upstream/balancer.go:27.68,28.26 1 1
github.com/nshmdayo/xynon/internal/upstream/balancer.go:28.26,30.3 1 0
github.com/nshmdayo/xynon/internal/upstream/balancer.go:33.2,33.39 1 1
github.com/nshmdayo/xynon/internal/upstream/balancer.go:33.39,36.22 3 1
github.com/nshmdayo/xynon/internal/upstream/balancer.go:36.22,38.4 1 1
github.com/nshmdayo/xynon/internal/upstream/balancer.go:41.2,41.34 1 0
github.com/nshmdayo/xynon/internal/upstream/balancer.go:48.63,50.2 1 1
github.com/nshmdayo/xynon/internal/upstream/balancer.go:52.74,53.26 1 1
github.com/nshmdayo/xynon/internal/upstream/balancer.go:53.26,55.3 1 0
github.com/nshmdayo/xynon/internal/upstream/balancer.go:57.2,60.33 3 1
github.com/nshmdayo/xynon/internal/upstream/balancer.go:60.33,61.23 1 1
github.com/nshmdayo/xynon/internal/upstream/balancer.go:61.23,62.12 1 0
github.com/nshmdayo/xynon/internal/upstream/balancer.go:64.3,65.38 2 1
github.com/nshmdayo/xynon/internal/upstream/balancer.go:65.38,68.4 2 1
github.com/nshmdayo/xynon/internal/upstream/balancer.go:71.2,71.17 1 1
github.com/nshmdayo/xynon/internal/upstream/balancer.go:71.17,73.3 1 0
github.com/nshmdayo/xynon/internal/upstream/balancer.go:74.2,74.18 1 1
github.com/nshmdayo/xynon/internal/upstream/balancer.go:81.43,83.2 1 1
github.com/nshmdayo/xynon/internal/upstream/balancer.go:85.66,86.26 1 1
github.com/nshmdayo/xynon/internal/upstream/balancer.go:86.26,88.3 1 0
github.com/nshmdayo/xynon/internal/upstream/balancer.go:90.2,91.33 2 1
github.com/nshmdayo/xynon/internal/upstream/balancer.go:91.33,92.22 1 1
github.com/nshmdayo/xynon/internal/upstream/balancer.go:92.22,94.4 1 1
github.com/nshmdayo/xynon/internal/upstream/balancer.go:97.2,97.23 1 1
github.com/nshmdayo/xynon/internal/upstream/balancer.go:97.23,99.3 1 0
github.com/nshmdayo/xynon/internal/upstream/balancer.go:101.2,102.14 2 1
github.com/nshmdayo/xynon/internal/upstream/balancer.go:102.14,104.3 1 1
github.com/nshmdayo/xynon/internal/upstream/balancer.go:105.2,105.14 1 1
github.com/nshmdayo/xynon/internal/upstream/balancer.go:105.14,107.15 2 1
github.com/nshmdayo/xynon/internal/upstream/balancer.go:107.15,109.4 1 0
github.com/nshmdayo/xynon/internal/upstream/balancer.go:112.2,116.33 4 1
github.com/nshmdayo/xynon/internal/upstream/balancer.go:116.33,117.22 1 1
github.com/nshmdayo/xynon/internal/upstream/balancer.go:117.22,118.16 1 1
github.com/nshmdayo/xynon/internal/upstream/balancer.go:118.16,120.5 1 1
github.com/nshmdayo/xynon/internal/upstream/balancer.go:121.4,121.9 1 0
github.com/nshmdayo/xynon/internal/upstream/balancer.go:125.2,125.34 1 0
github.com/nshmdayo/xynon/internal/upstream/balancer.go:128.59,129.14 1 1
github.com/nshmdayo/xynon/internal/upstream/balancer.go:130.27,131.38 1 1
github.com/nshmdayo/xynon/internal/upstream/balancer.go:132.17,133.28 1 1
github.com/nshmdayo/xynon/internal/upstream/balancer.go:134.21,135.14 1 1
github.com/nshmdayo/xynon/internal/upstream/balancer.go:136.10,137.32 1 1
github.com/nshmdayo/xynon/internal/upstream/circuit_breaker.go:25.83,31.2 1 1
github.com/nshmdayo/xynon/internal/upstream/circuit_breaker.go:33.55,37.2 3 1
github.com/nshmdayo/xynon/internal/upstream/circuit_breaker.go:41.45,44.27 3 1
github.com/nshmdayo/xynon/internal/upstream/circuit_breaker.go:44.27,46.3 1 1
github.com/nshmdayo/xynon/internal/upstream/circuit_breaker.go:47.2,47.13 1 1
github.com/nshmdayo/xynon/internal/upstream/circuit_breaker.go:51.47,55.27 3 1
github.com/nshmdayo/xynon/internal/upstream/circuit_breaker.go:55.27,56.48 1 1
github.com/nshmdayo/xynon/internal/upstream/circuit_breaker.go:56.48,59.4 2 1
github.com/nshmdayo/xynon/internal/upstream/circuit_breaker.go:60.3,60.15 1 1
github.com/nshmdayo/xynon/internal/upstream/circuit_breaker.go:62.2,62.31 1 1
github.com/nshmdayo/xynon/internal/upstream/circuit_breaker.go:62.31,64.3 1 1
github.com/nshmdayo/xynon/internal/upstream/circuit_breaker.go:65.2,65.13 1 1
github.com/nshmdayo/xynon/internal/upstream/circuit_breaker.go:68.43,72.31 3 1
github.com/nshmdayo/xynon/internal/upstream/circuit_breaker.go:72.31,76.3 3 1
github.com/nshmdayo/xynon/internal/upstream/circuit_breaker.go:78.2,78.29 1 1
github.com/nshmdayo/xynon/internal/upstream/circuit_breaker.go:78.29,80.39 2 1
github.com/nshmdayo/xynon/internal/upstream/circuit_breaker.go:80.39,83.4 2 1
github.com/nshmdayo/xynon/internal/upstream/circuit_breaker.go:87.43,91.31 3 1
github.com/nshmdayo/xynon/internal/upstream/circuit_breaker.go:91.31,95.3 3 1
github.com/nshmdayo/xynon/internal/upstream/circuit_breaker.go:97.2,97.29 1 0
github.com/nshmdayo/xynon/internal/upstream/circuit_breaker.go:97.29,99.3 1 0
github.com/nshmdayo/xynon/internal/upstream/healthcheck.go:17.96,19.32 2 1
github.com/nshmdayo/xynon/internal/upstream/healthcheck.go:19.32,21.3 1 1
github.com/nshmdayo/xynon/internal/upstream/healthcheck.go:22.2,28.3 1 1
github.com/nshmdayo/xynon/internal/upstream/healthcheck.go:31.59,33.33 2 1
github.com/nshmdayo/xynon/internal/upstream/healthcheck.go:33.33,35.3 1 1
github.com/nshmdayo/xynon/internal/upstream/healthcheck.go:37.2,42.6 4 1
github.com/nshmdayo/xynon/internal/upstream/healthcheck.go:42.6,43.10 1 1
github.com/nshmdayo/xynon/internal/upstream/healthcheck.go:44.21,45.10 1 1
github.com/nshmdayo/xynon/internal/upstream/healthcheck.go:46.19,49.18 3 1
github.com/nshmdayo/xynon/internal/upstream/healthcheck.go:49.18,50.13 1 0
github.com/nshmdayo/xynon/internal/upstream/healthcheck.go:53.4,54.62 2 1
github.com/nshmdayo/xynon/internal/upstream/healthcheck.go:54.62,56.33 2 1
github.com/nshmdayo/xynon/internal/upstream/healthcheck.go:56.33,58.6 1 1
github.com/nshmdayo/xynon/internal/upstream/healthcheck.go:59.5,59.20 1 1
github.com/nshmdayo/xynon/internal/upstream/healthcheck.go:59.20,61.6 1 1
github.com/nshmdayo/xynon/internal/upstream/healthcheck.go:62.10,66.5 3 1
github.com/nshmdayo/xynon/internal/upstream/manager.go:18.51,20.2 1 1
github.com/nshmdayo/xynon/internal/upstream/manager.go:22.27,23.21 1 1
github.com/nshmdayo/xynon/internal/upstream/manager.go:23.21,25.3 1 1
github.com/nshmdayo/xynon/internal/upstream/manager.go:28.44,31.30 3 1
github.com/nshmdayo/xynon/internal/upstream/manager.go:31.30,36.3 1 1
github.com/nshmdayo/xynon/internal/upstream/manager.go:37.2,40.3 1 1
github.com/nshmdayo/xynon/internal/upstream/manager.go:48.85,52.27 2 1
github.com/nshmdayo/xynon/internal/upstream/manager.go:52.27,55.37 2 1
github.com/nshmdayo/xynon/internal/upstream/manager.go:55.37,57.35 2 1
github.com/nshmdayo/xynon/internal/upstream/manager.go:57.35,59.35 2 1
github.com/nshmdayo/xynon/internal/upstream/manager.go:59.35,61.6 1 0
github.com/nshmdayo/xynon/internal/upstream/manager.go:62.5,63.23 2 1
github.com/nshmdayo/xynon/internal/upstream/manager.go:63.23,65.6 1 0
github.com/nshmdayo/xynon/internal/upstream/manager.go:66.5,66.53 1 1
github.com/nshmdayo/xynon/internal/upstream/manager.go:69.4,70.18 2 1
github.com/nshmdayo/xynon/internal/upstream/manager.go:70.18,72.5 1 1
github.com/nshmdayo/xynon/internal/upstream/manager.go:73.4,73.34 1 1
github.com/nshmdayo/xynon/internal/upstream/manager.go:76.3,87.38 4 1
github.com/nshmdayo/xynon/internal/upstream/manager.go:87.38,88.32 1 0
github.com/nshmdayo/xynon/internal/upstream/manager.go:88.32,91.5 2 0
github.com/nshmdayo/xynon/internal/upstream/manager.go:94.3,94.30 1 1
github.com/nshmdayo/xynon/internal/upstream/manager.go:97.2,97.15 1 1
github.com/nshmdayo/xynon/internal/upstream/manager.go:100.46,102.2 1 1
github.com/nshmdayo/xynon/internal/upstream/manager.go:104.29,107.33 3 1
github.com/nshmdayo/xynon/internal/upstream/manager.go:107.33,109.3 1 1
github.com/nshmdayo/xynon/internal/upstream/manager.go:112.47,116.33 4 1
github.com/nshmdayo/xynon/internal/upstream/manager.go:116.33,118.3 1 1
github.com/nshmdayo/xynon/internal/upstream/manager.go:119.2,119.12 1 1
github.com/nshmdayo/xynon/internal/upstream/types.go:51.68,53.16 2 1
github.com/nshmdayo/xynon/internal/upstream/types.go:53.16,55.3 1 1
github.com/nshmdayo/xynon/internal/upstream/types.go:56.2,61.8 1 1
github.com/nshmdayo/xynon/internal/upstream/types.go:64.35,68.39 3 1
github.com/nshmdayo/xynon/internal/upstream/types.go:68.39,70.3 1 0
github.com/nshmdayo/xynon/internal/upstream/types.go:72.2,72.44 1 1
github.com/nshmdayo/xynon/internal/upstream/types.go:75.35,76.17 1 1
github.com/nshmdayo/xynon/internal/upstream/types.go:76.17,78.3 1 1
github.com/nshmdayo/xynon/internal/upstream/types.go:79.2,79.13 1 1
github.com/nshmdayo/xynon/internal/upstream/types.go:82.49,86.2 3 1
github.com/nshmdayo/xynon/internal/upstream/types.go:88.80,92.47 4 1
github.com/nshmdayo/xynon/internal/upstream/types.go:92.47,94.3 1 1
github.com/nshmdayo/xynon/internal/upstream/types.go:95.2,97.25 3 1
github.com/nshmdayo/xynon/internal/upstream/types.go:97.25,99.3 1 1
github.com/nshmdayo/xynon/internal/upstream/types.go:102.66,107.2 4 1
github.com/nshmdayo/xynon/internal/upstream/types.go:109.34,110.19 1 1
github.com/nshmdayo/xynon/internal/upstream/types.go:110.19,112.3 1 1
github.com/nshmdayo/xynon/internal/upstream/types.go:113.2,113.24 1 1
github.com/nshmdayo/xynon/internal/upstream/types.go:116.28,118.2 1 1
github.com/nshmdayo/xynon/internal/upstream/types.go:120.28,122.2 1 1
github.com/nshmdayo/xynon/internal/upstream/types.go:124.38,126.2 1 1
github.com/nshmdayo/xynon/internal/upstream/types.go:128.36,129.17 1 1
github.com/nshmdayo/xynon/internal/upstream/types.go:129.17,131.3 1 1
github.com/nshmdayo/xynon/internal/upstream/types.go:134.36,135.17 1 1
github.com/nshmdayo/xynon/internal/upstream/types.go:135.17,137.3 1 0
